../Core/Src/esp8266.c:8:13:ESP_DelayMs	16	static
../Core/Src/esp8266.c:14:9:ESP_SendCommand	24	static
../Core/Src/esp8266.c:34:9:ESP_WaitForResponse	544	static
../Core/Src/esp8266.c:63:13:ESP_SendBinary	56	static
../Core/Src/esp8266.c:78:16:mqtt_encode_remaining_length	24	static
../Core/Src/esp8266.c:91:17:write_utf8	32	static
../Core/Src/esp8266.c:100:15:mqtt_build_connect	336	static
../Core/Src/esp8266.c:146:15:mqtt_build_publish	320	static
../Core/Src/esp8266.c:173:9:ESP_Init	552	static
../Core/Src/esp8266.c:252:9:ESP_TestConnection	8	static
../Core/Src/esp8266.c:265:6:ESP_PrintWiFiInfo	8	static
